// Vitest Snapshot v1, https://vitest.dev/guide/snapshot.html

exports[`arrayContainingOnly > should expect an array to contain only the expected values 1`] = `expected [ 1, 2, 2, 3 ] to deeply equal arrayContainingOnly<1,2>`;

exports[`arrayContainingOnly > should throw an error if the expected value is not an array 1`] = `Expected value must be an array, not number`;

exports[`arrayContainingOnly > should throw an error if the received value is not an array 1`] = `expected 1 to deeply equal arrayContainingOnly<>`;
