// Jest Snapshot v1, https://goo.gl/fbAQLP

exports[`oneOf should fail if value does not match any of the provided values 1`] = `
<d>expect(</b><r>received</g><d>).</b>toEqual<d>(</b><g>expected</g><d>) // deep equality</b>

Expected: <g>oneOf<1,2,3></g>
Received: <r>4</g>
`;

exports[`oneOf should fail if value does not match any of the provided values 2`] = `
<d>expect(</b><r>received</g><d>).</b>toEqual<d>(</b><g>expected</g><d>) // deep equality</b>

Expected: <g>not.oneOf<1,2,3></g>
Received: <r>1</g>
`;
