// Jest Snapshot v1, https://jestjs.io/docs/snapshot-testing

exports[`toBeOK fails when Response is not defined in the global scope 1`] = `Response is not defined in the global scope.`;

exports[`toBeOK fails when the received value is not a Response 1`] = `Received value is not a Response.`;

exports[`toBeOK fails when the response is not ok 1`] = `
<d>expect(</b><r>response</g><d>).</b>toBeOK<d>()</b>

Expected response to be ok, but it was not ok.
`;

exports[`toBeOK passes when the response is ok 1`] = `
<d>expect(</b><r>response</g><d>).</b>not<d>.</b>toBeOK<d>()</b>

Expected response to be not ok, but it was ok.
`;

exports[`toHaveHeader fails when the received value is not a Response or Request 1`] = `Received value is not a Response or Request.`;

exports[`toHaveHeader when Request is not defined in the global scope fails: request 1`] = `Response or Request is not defined in the global scope.`;

exports[`toHaveHeader when Response is not defined in the global scope fails: response 1`] = `Response or Request is not defined in the global scope.`;

exports[`toHaveHeader when expected value is not provided fails when the response/request does not have the expected header: request 1`] = `
<d>expect(</b><r>request</g><d>).</b>toHaveHeader<d>(</b><g>"Authorization"</g><d>)</b>

Expected request to have header <g>Authorization</g>, but it was not found.
`;

exports[`toHaveHeader when expected value is not provided fails when the response/request does not have the expected header: response 1`] = `
<d>expect(</b><r>response</g><d>).</b>toHaveHeader<d>(</b><g>"Authorization"</g><d>)</b>

Expected response to have header <g>Authorization</g>, but it was not found.
`;

exports[`toHaveHeader when expected value is not provided passes when the response/request has the expected header: request 1`] = `
<d>expect(</b><r>request</g><d>).</b>not<d>.</b>toHaveHeader<d>(</b><g>"Content-Type"</g><d>)</b>

Expected request not to have header <g>Content-Type</g>, but it did.
`;

exports[`toHaveHeader when expected value is not provided passes when the response/request has the expected header: response 1`] = `
<d>expect(</b><r>response</g><d>).</b>not<d>.</b>toHaveHeader<d>(</b><g>"Content-Type"</g><d>)</b>

Expected response not to have header <g>Content-Type</g>, but it did.
`;

exports[`toHaveHeader when expected value is provided fails when the response/request does not have the expected header and value: request 1`] = `
<d>expect(</b><r>request</g><d>).</b>toHaveHeader<d>(</b><g>"Content-Type"</g><d>, </b><g>"application/json"</g><d>)</b>

Expected request to have header <g>Content-Type</g> with a value of <g>application/json</g>, but it had a value of <r>text/html</g>.
`;

exports[`toHaveHeader when expected value is provided fails when the response/request does not have the expected header and value: response 1`] = `
<d>expect(</b><r>response</g><d>).</b>toHaveHeader<d>(</b><g>"Content-Type"</g><d>, </b><g>"application/json"</g><d>)</b>

Expected response to have header <g>Content-Type</g> with a value of <g>application/json</g>, but it had a value of <r>text/html</g>.
`;

exports[`toHaveHeader when expected value is provided passes when the response/request has the expected header and value: request 1`] = `
<d>expect(</b><r>request</g><d>).</b>not<d>.</b>toHaveHeader<d>(</b><g>"Content-Type"</g><d>, </b><g>"application/json"</g><d>)</b>

Expected request not to have header <g>Content-Type</g> with a value of <g>application/json</g>, but it did.
`;

exports[`toHaveHeader when expected value is provided passes when the response/request has the expected header and value: response 1`] = `
<d>expect(</b><r>response</g><d>).</b>not<d>.</b>toHaveHeader<d>(</b><g>"Content-Type"</g><d>, </b><g>"application/json"</g><d>)</b>

Expected response not to have header <g>Content-Type</g> with a value of <g>application/json</g>, but it did.
`;

exports[`toHaveStatus fails when Response is not defined in the global scope 1`] = `Response is not defined in the global scope.`;

exports[`toHaveStatus fails when the received value is not a Response 1`] = `Received value is not a Response.`;

exports[`toHaveStatus fails when the response does not have the expected status 1`] = `
<d>expect(</b><r>response</g><d>).</b>toHaveStatus<d>(</b><g>200</g><d>)</b>

Expected response to have status <g>200</g>, but it was <r>404</g>.
`;

exports[`toHaveStatus passes when the response has the expected status 1`] = `
<d>expect(</b><r>response</g><d>).</b>not<d>.</b>toHaveStatus<d>(</b><g>200</g><d>)</b>

Expected response not to have status <g>200</g>, but it did.
`;
