// Vitest Snapshot v1, https://vitest.dev/guide/snapshot.html

exports[`exactly > allows Object.is equality where deep equality would normally be used 1`] = `expected {} to deeply equal exactly<Object {}>`;

exports[`exactly > allows Object.is equality where deep equality would normally be used 2`] = `expected {} to deeply equal not.exactly<Object {}>`;
